// Jest Snapshot v1, https://goo.gl/fbAQLP

exports[`renders correctly 1`] = `
<div
  className="container"
>
  <table
    className="table"
  >
    <thead>
      <tr
        className="table--heading"
      >
        <th
          className="table__cell"
        >
          Pair
        </th>
        <th
          className="table__cell"
        >
          BID
        </th>
        <th
          className="table__cell"
        >
          ASK
        </th>
        <th
          className="table__cell"
        >
          Changes %
        </th>
      </tr>
    </thead>
    <tbody>
      <tr>
        <td
          className="table__cell"
        >
          EUR/USD
        </td>
        <td
          className="table__cell"
        >
          1.14154
        </td>
        <td
          className="table__cell"
        >
          1.14154
        </td>
        <td
          className="table__cell"
          style={
            Object {
              "color": "darkred",
            }
          }
        >
          -0.004
          %
        </td>
      </tr>
      <tr>
        <td
          className="table__cell"
        >
          USD/JPY
        </td>
        <td
          className="table__cell"
        >
          114.185
        </td>
        <td
          className="table__cell"
        >
          114.185
        </td>
        <td
          className="table__cell"
          style={
            Object {
              "color": "darkred",
            }
          }
        >
          -0.000
          %
        </td>
      </tr>
    </tbody>
  </table>
</div>
`;
